[debug] [2026-05-23T05:11:44.049Z] ----------------------------------------------------------------------
[debug] [2026-05-23T05:11:44.087Z] Command:       C:\Program Files\nodejs\node.exe C:\Users\luisa\AppData\Roaming\npm\node_modules\firebase-tools\lib\bin\firebase.js init hosting
[debug] [2026-05-23T05:11:44.088Z] CLI Version:   15.18.0
[debug] [2026-05-23T05:11:44.088Z] Platform:      win32
[debug] [2026-05-23T05:11:44.088Z] Node Version:  v24.16.0
[debug] [2026-05-23T05:11:44.088Z] Time:          Sat May 23 2026 00:11:44 GMT-0500 (hora estándar de Colombia)
[debug] [2026-05-23T05:11:44.089Z] ----------------------------------------------------------------------
[debug] 
[info] 
     ######## #### ########  ######## ########     ###     ######  ########
     ##        ##  ##     ## ##       ##     ##  ##   ##  ##       ##
     ######    ##  ########  ######   ########  #########  ######  ######
     ##        ##  ##    ##  ##       ##     ## ##     ##       ## ##
     ##       #### ##     ## ######## ########  ##     ##  ######  ########

You're about to initialize a Firebase project in this directory:

  C:\Users\luisa\Desktop\el club web

[info] 
=== Project Setup
[info] 
[info] First, let's associate this project directory with a Firebase project.
[info] You can create multiple project aliases by running firebase use --add, 
[info] 
[debug] [2026-05-23T05:12:09.743Z] > command requires scopes: ["email","openid","https://www.googleapis.com/auth/cloudplatformprojects.readonly","https://www.googleapis.com/auth/firebase","https://www.googleapis.com/auth/cloud-platform"]
[debug] [2026-05-23T05:12:09.743Z] > authorizing via signed-in user (luisaxoart@gmail.com)
[debug] [2026-05-23T05:12:09.747Z] Checked if tokens are valid: true, expires at: 1779516123659
[debug] [2026-05-23T05:12:09.747Z] Checked if tokens are valid: true, expires at: 1779516123659
[debug] [2026-05-23T05:12:09.747Z] >>> [apiv2][query] GET https://firebase.googleapis.com/v1beta1/projects pageSize=100
[debug] [2026-05-23T05:12:10.396Z] <<< [apiv2][status] GET https://firebase.googleapis.com/v1beta1/projects 200
[debug] [2026-05-23T05:12:10.397Z] <<< [apiv2][body] GET https://firebase.googleapis.com/v1beta1/projects [omitted]
[info] 
=== Hosting Setup
[debug] [2026-05-23T05:12:14.040Z] Checked if tokens are valid: true, expires at: 1779516123659
[debug] [2026-05-23T05:12:14.040Z] Checked if tokens are valid: true, expires at: 1779516123659
[debug] [2026-05-23T05:12:14.040Z] >>> [apiv2][query] GET https://firebase.googleapis.com/v1beta1/projects/el-club-5821a [none]
[debug] [2026-05-23T05:12:14.408Z] <<< [apiv2][status] GET https://firebase.googleapis.com/v1beta1/projects/el-club-5821a 200
[debug] [2026-05-23T05:12:14.408Z] <<< [apiv2][body] GET https://firebase.googleapis.com/v1beta1/projects/el-club-5821a {"projectId":"el-club-5821a","projectNumber":"1013119725626","displayName":"el-club","name":"projects/el-club-5821a","resources":{"hostingSite":"el-club-5821a"},"state":"ACTIVE","etag":"1_36212e8d-1d8f-4392-b8dd-b16ea50a18be"}
[info] 
[info] Your public directory is the folder (relative to your project directory) that
[info] will contain Hosting assets to be uploaded with firebase deploy. If you
[info] have a build process for your assets, use your build's output directory.
[info] 
[info] 
[info] i  Didn't detect a .git folder. Assuming C:\Users\luisa\Desktop\el club web is the project root. 
[info] i  Authorizing with GitHub to upload your service account to a GitHub repository's secrets store. 
[info] 
[info] Visit this URL on this device to log in:
[info] https://github.com/login/oauth/authorize?client_id=89cf50f02ac6aaed3484&state=172529627&redirect_uri=http%3A%2F%2Flocalhost%3A9005&scope=read%3Auser%20repo%20public_repo
[info] 
[info] Waiting for authentication...
[debug] [2026-05-23T05:13:49.260Z] >>> [apiv2][query] POST https://github.com/login/oauth/access_token [none]
[debug] [2026-05-23T05:13:49.260Z] >>> [apiv2][body] POST https://github.com/login/oauth/access_token [stream]
[debug] [2026-05-23T05:13:49.663Z] <<< [apiv2][status] POST https://github.com/login/oauth/access_token 200
[debug] [2026-05-23T05:13:49.663Z] <<< [apiv2][body] POST https://github.com/login/oauth/access_token {"access_token":"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","token_type":"bearer","scope":"read:user,repo"}
[debug] [2026-05-23T05:13:49.673Z] >>> [apiv2][query] GET https://api.github.com/user [none]
[debug] [2026-05-23T05:13:50.120Z] <<< [apiv2][status] GET https://api.github.com/user 200
[debug] [2026-05-23T05:13:50.120Z] <<< [apiv2][body] GET https://api.github.com/user {"login":"gmartinezlu","id":179255927,"node_id":"U_kgDOCq86dw","avatar_url":"https://avatars.githubusercontent.com/u/179255927?v=4","gravatar_id":"","url":"https://api.github.com/users/gmartinezlu","html_url":"https://github.com/gmartinezlu","followers_url":"https://api.github.com/users/gmartinezlu/followers","following_url":"https://api.github.com/users/gmartinezlu/following{/other_user}","gists_url":"https://api.github.com/users/gmartinezlu/gists{/gist_id}","starred_url":"https://api.github.com/users/gmartinezlu/starred{/owner}{/repo}","subscriptions_url":"https://api.github.com/users/gmartinezlu/subscriptions","organizations_url":"https://api.github.com/users/gmartinezlu/orgs","repos_url":"https://api.github.com/users/gmartinezlu/repos","events_url":"https://api.github.com/users/gmartinezlu/events{/privacy}","received_events_url":"https://api.github.com/users/gmartinezlu/received_events","type":"User","user_view_type":"private","site_admin":false,"name":null,"company":null,"blog":"","location":null,"email":null,"hireable":null,"bio":null,"twitter_username":null,"notification_email":null,"public_repos":11,"public_gists":0,"followers":0,"following":0,"created_at":"2024-08-23T17:55:42Z","updated_at":"2025-05-12T20:06:30Z","private_gists":0,"total_private_repos":0,"owned_private_repos":0,"disk_usage":46742,"collaborators":0,"two_factor_authentication":false,"plan":{"name":"free","space":976562499,"collaborators":0,"private_repos":10000}}
[info] 
[info] +  Success! Logged into GitHub as gmartinezlu 
[info] 
[debug] [2026-05-23T05:14:44.023Z] >>> [apiv2][query] GET https://api.github.com/repos//actions/secrets/public-key type=owner
[debug] [2026-05-23T05:14:44.286Z] <<< [apiv2][status] GET https://api.github.com/repos//actions/secrets/public-key 404
[debug] [2026-05-23T05:14:44.286Z] <<< [apiv2][body] GET https://api.github.com/repos//actions/secrets/public-key {"message":"Not Found","documentation_url":"https://docs.github.com/rest","status":"404"}
[info] 
[info] 
[error] !  The provided authorization cannot be used with this repository. If this repository is in an organization, did you remember to grant access? 
[info] 
[info] i  Action required: Visit this URL to ensure access has been granted to the appropriate organization(s) for the Firebase CLI GitHub OAuth App: 
[info] https://github.com/settings/connections/applications/89cf50f02ac6aaed3484
[info] 
[debug] [2026-05-23T05:16:08.590Z] >>> [apiv2][query] GET https://api.github.com/repos/git init/actions/secrets/public-key type=owner
[debug] [2026-05-23T05:16:09.103Z] <<< [apiv2][status] GET https://api.github.com/repos/git init/actions/secrets/public-key 404
[debug] [2026-05-23T05:16:09.103Z] <<< [apiv2][body] GET https://api.github.com/repos/git init/actions/secrets/public-key {"message":"Not Found","documentation_url":"https://docs.github.com/rest","status":"404"}
[info] 
[info] 
[error] !  The provided authorization cannot be used with this repository. If this repository is in an organization, did you remember to grant access? 
[info] 
[info] i  Action required: Visit this URL to ensure access has been granted to the appropriate organization(s) for the Firebase CLI GitHub OAuth App: 
[info] https://github.com/settings/connections/applications/89cf50f02ac6aaed3484
[info] 
[debug] [2026-05-23T05:17:17.590Z] >>> [apiv2][query] GET https://api.github.com/repos/git initelclub.gi/actions/secrets/public-key type=owner
[debug] [2026-05-23T05:17:18.110Z] <<< [apiv2][status] GET https://api.github.com/repos/git initelclub.gi/actions/secrets/public-key 404
[debug] [2026-05-23T05:17:18.110Z] <<< [apiv2][body] GET https://api.github.com/repos/git initelclub.gi/actions/secrets/public-key {"message":"Not Found","documentation_url":"https://docs.github.com/rest","status":"404"}
[info] 
[info] 
[error] !  The provided authorization cannot be used with this repository. If this repository is in an organization, did you remember to grant access? 
[info] 
[info] i  Action required: Visit this URL to ensure access has been granted to the appropriate organization(s) for the Firebase CLI GitHub OAuth App: 
[info] https://github.com/settings/connections/applications/89cf50f02ac6aaed3484
[info] 
[debug] [2026-05-23T05:17:21.079Z] >>> [apiv2][query] GET https://api.github.com/repos/elclub.git/actions/secrets/public-key type=owner
[debug] [2026-05-23T05:17:21.406Z] <<< [apiv2][status] GET https://api.github.com/repos/elclub.git/actions/secrets/public-key 404
[debug] [2026-05-23T05:17:21.406Z] <<< [apiv2][body] GET https://api.github.com/repos/elclub.git/actions/secrets/public-key {"message":"Not Found","documentation_url":"https://docs.github.com/rest","status":"404"}
[info] 
[info] 
[error] !  The provided authorization cannot be used with this repository. If this repository is in an organization, did you remember to grant access? 
[info] 
[info] i  Action required: Visit this URL to ensure access has been granted to the appropriate organization(s) for the Firebase CLI GitHub OAuth App: 
[info] https://github.com/settings/connections/applications/89cf50f02ac6aaed3484
[info] 
[debug] [2026-05-23T05:17:23.801Z] >>> [apiv2][query] GET https://api.github.com/repos/elclub.git/actions/secrets/public-key type=owner
[debug] [2026-05-23T05:17:24.012Z] <<< [apiv2][status] GET https://api.github.com/repos/elclub.git/actions/secrets/public-key 404
[debug] [2026-05-23T05:17:24.012Z] <<< [apiv2][body] GET https://api.github.com/repos/elclub.git/actions/secrets/public-key {"message":"Not Found","documentation_url":"https://docs.github.com/rest","status":"404"}
[info] 
[info] 
[error] !  The provided authorization cannot be used with this repository. If this repository is in an organization, did you remember to grant access? 
[info] 
[info] i  Action required: Visit this URL to ensure access has been granted to the appropriate organization(s) for the Firebase CLI GitHub OAuth App: 
[info] https://github.com/settings/connections/applications/89cf50f02ac6aaed3484
[info] 
[debug] [2026-05-23T05:18:32.638Z] >>> [apiv2][query] GET https://api.github.com/repos/elclub.gitn/actions/secrets/public-key type=owner
[debug] [2026-05-23T05:18:32.941Z] <<< [apiv2][status] GET https://api.github.com/repos/elclub.gitn/actions/secrets/public-key 404
[debug] [2026-05-23T05:18:32.941Z] <<< [apiv2][body] GET https://api.github.com/repos/elclub.gitn/actions/secrets/public-key {"message":"Not Found","documentation_url":"https://docs.github.com/rest","status":"404"}
[info] 
[info] 
[error] !  The provided authorization cannot be used with this repository. If this repository is in an organization, did you remember to grant access? 
[info] 
[info] i  Action required: Visit this URL to ensure access has been granted to the appropriate organization(s) for the Firebase CLI GitHub OAuth App: 
[info] https://github.com/settings/connections/applications/89cf50f02ac6aaed3484
[info] 
[debug] [2026-05-23T05:18:39.326Z] >>> [apiv2][query] GET https://api.github.com/repos/n/actions/secrets/public-key type=owner
[debug] [2026-05-23T05:18:39.626Z] <<< [apiv2][status] GET https://api.github.com/repos/n/actions/secrets/public-key 404
[debug] [2026-05-23T05:18:39.626Z] <<< [apiv2][body] GET https://api.github.com/repos/n/actions/secrets/public-key {"message":"Not Found","documentation_url":"https://docs.github.com/rest","status":"404"}
[info] 
[info] 
[error] !  The provided authorization cannot be used with this repository. If this repository is in an organization, did you remember to grant access? 
[info] 
[info] i  Action required: Visit this URL to ensure access has been granted to the appropriate organization(s) for the Firebase CLI GitHub OAuth App: 
[info] https://github.com/settings/connections/applications/89cf50f02ac6aaed3484
[info] 
